00:46:17.541 [main] INFO Agent.premain: To disable the automatic creation of this log file, set the system property appmap.disableLogFile to 'true'
00:46:17.541 [main] INFO Agent.premain: Agent version 1.26.5, current time mills: 1711082777360
00:46:17.541 [main] INFO Agent.premain: config: {
	"configFile":"appmap.yml",
	"name":"web_hw_7",
	"packages":[{
		"allMethods":true,
		"exclude":[],
		"path":"com.sample",
		"shallow":false
	},{
		"allMethods":true,
		"exclude":[],
		"path":"dbUtils",
		"shallow":false
	},{
		"allMethods":true,
		"exclude":[],
		"path":"model.experience",
		"shallow":false
	},{
		"allMethods":true,
		"exclude":[],
		"path":"model.webUser",
		"shallow":false
	},{
		"allMethods":true,
		"exclude":[],
		"path":"view",
		"shallow":false
	}]
}
00:46:17.619 [main] INFO Agent.premain: System properties: {java.specification.version=17, sun.jnu.encoding=UTF-8, java.class.path=/Users/maklisaprifti/Documents/web_hw_7/target/classes:/Users/maklisaprifti/.m2/repository/org/springframework/boot/spring-boot-starter-web/3.0.7/spring-boot-starter-web-3.0.7.jar:/Users/maklisaprifti/.m2/repository/org/springframework/boot/spring-boot-starter/3.0.7/spring-boot-starter-3.0.7.jar:/Users/maklisaprifti/.m2/repository/org/springframework/boot/spring-boot/3.0.7/spring-boot-3.0.7.jar:/Users/maklisaprifti/.m2/repository/org/springframework/boot/spring-boot-autoconfigure/3.0.7/spring-boot-autoconfigure-3.0.7.jar:/Users/maklisaprifti/.m2/repository/org/springframework/boot/spring-boot-starter-logging/3.0.7/spring-boot-starter-logging-3.0.7.jar:/Users/maklisaprifti/.m2/repository/ch/qos/logback/logback-classic/1.4.7/logback-classic-1.4.7.jar:/Users/maklisaprifti/.m2/repository/ch/qos/logback/logback-core/1.4.7/logback-core-1.4.7.jar:/Users/maklisaprifti/.m2/repository/org/apache/logging/log4j/log4j-to-slf4j/2.19.0/log4j-to-slf4j-2.19.0.jar:/Users/maklisaprifti/.m2/repository/org/apache/logging/log4j/log4j-api/2.19.0/log4j-api-2.19.0.jar:/Users/maklisaprifti/.m2/repository/org/slf4j/jul-to-slf4j/2.0.7/jul-to-slf4j-2.0.7.jar:/Users/maklisaprifti/.m2/repository/org/yaml/snakeyaml/1.33/snakeyaml-1.33.jar:/Users/maklisaprifti/.m2/repository/org/springframework/boot/spring-boot-starter-json/3.0.7/spring-boot-starter-json-3.0.7.jar:/Users/maklisaprifti/.m2/repository/com/fasterxml/jackson/core/jackson-databind/2.14.3/jackson-databind-2.14.3.jar:/Users/maklisaprifti/.m2/repository/com/fasterxml/jackson/core/jackson-annotations/2.14.3/jackson-annotations-2.14.3.jar:/Users/maklisaprifti/.m2/repository/com/fasterxml/jackson/core/jackson-core/2.14.3/jackson-core-2.14.3.jar:/Users/maklisaprifti/.m2/repository/com/fasterxml/jackson/datatype/jackson-datatype-jdk8/2.14.3/jackson-datatype-jdk8-2.14.3.jar:/Users/maklisaprifti/.m2/repository/com/fasterxml/jackson/datatype/jackson-datatype-jsr310/2.14.3/jackson-datatype-jsr310-2.14.3.jar:/Users/maklisaprifti/.m2/repository/com/fasterxml/jackson/module/jackson-module-parameter-names/2.14.3/jackson-module-parameter-names-2.14.3.jar:/Users/maklisaprifti/.m2/repository/org/springframework/spring-web/6.0.9/spring-web-6.0.9.jar:/Users/maklisaprifti/.m2/repository/org/springframework/spring-beans/6.0.9/spring-beans-6.0.9.jar:/Users/maklisaprifti/.m2/repository/io/micrometer/micrometer-observation/1.10.7/micrometer-observation-1.10.7.jar:/Users/maklisaprifti/.m2/repository/io/micrometer/micrometer-commons/1.10.7/micrometer-commons-1.10.7.jar:/Users/maklisaprifti/.m2/repository/org/springframework/spring-webmvc/6.0.9/spring-webmvc-6.0.9.jar:/Users/maklisaprifti/.m2/repository/org/springframework/spring-aop/6.0.9/spring-aop-6.0.9.jar:/Users/maklisaprifti/.m2/repository/org/springframework/spring-context/6.0.9/spring-context-6.0.9.jar:/Users/maklisaprifti/.m2/repository/org/springframework/spring-expression/6.0.9/spring-expression-6.0.9.jar:/Users/maklisaprifti/.m2/repository/com/mysql/mysql-connector-j/8.0.33/mysql-connector-j-8.0.33.jar:/Users/maklisaprifti/.m2/repository/org/springframework/boot/spring-boot-starter-tomcat/3.0.7/spring-boot-starter-tomcat-3.0.7.jar:/Users/maklisaprifti/.m2/repository/jakarta/annotation/jakarta.annotation-api/2.1.1/jakarta.annotation-api-2.1.1.jar:/Users/maklisaprifti/.m2/repository/org/apache/tomcat/embed/tomcat-embed-core/10.1.8/tomcat-embed-core-10.1.8.jar:/Users/maklisaprifti/.m2/repository/org/apache/tomcat/embed/tomcat-embed-el/10.1.8/tomcat-embed-el-10.1.8.jar:/Users/maklisaprifti/.m2/repository/org/apache/tomcat/embed/tomcat-embed-websocket/10.1.8/tomcat-embed-websocket-10.1.8.jar:/Users/maklisaprifti/.m2/repository/org/slf4j/slf4j-api/2.0.7/slf4j-api-2.0.7.jar:/Users/maklisaprifti/.m2/repository/org/springframework/spring-core/6.0.9/spring-core-6.0.9.jar:/Users/maklisaprifti/.m2/repository/org/springframework/spring-jcl/6.0.9/spring-jcl-6.0.9.jar, java.vm.vendor=Oracle Corporation, sun.arch.data.model=64, java.vendor.url=https://java.oracle.com/, user.timezone=America/New_York, java.vm.specification.version=17, os.name=Mac OS X, sun.java.launcher=SUN_STANDARD, user.country=US, sun.boot.library.path=/Library/Java/JavaVirtualMachines/jdk-17.jdk/Contents/Home/lib, sun.java.command=com.sample.SampleApplication, http.nonProxyHosts=local|*.local|169.254/16|*.169.254/16, jdk.debug=release, sun.cpu.endian=little, user.home=/Users/maklisaprifti, user.language=en, sun.stderr.encoding=UTF-8, java.specification.vendor=Oracle Corporation, java.version.date=2024-01-16, java.home=/Library/Java/JavaVirtualMachines/jdk-17.jdk/Contents/Home, file.separator=/, java.vm.compressedOopsMode=Zero based, line.separator=
, sun.stdout.encoding=UTF-8, java.vm.specification.vendor=Oracle Corporation, java.specification.name=Java Platform API Specification, sun.management.compiler=HotSpot 64-Bit Tiered Compilers, ftp.nonProxyHosts=local|*.local|169.254/16|*.169.254/16, java.runtime.version=17.0.10+11-LTS-240, user.name=maklisaprifti, path.separator=:, os.version=13.5, java.runtime.name=Java(TM) SE Runtime Environment, file.encoding=UTF-8, java.vm.name=Java HotSpot(TM) 64-Bit Server VM, java.vendor.url.bug=https://bugreport.java.com/bugreport/, java.io.tmpdir=/var/folders/wv/llxfr3y11cdffb5hj1vbj9700000gn/T/, java.version=17.0.10, user.dir=/Users/maklisaprifti/Documents/web_hw_7, os.arch=aarch64, java.vm.specification.name=Java Virtual Machine Specification, native.encoding=UTF-8, java.library.path=/Users/maklisaprifti/Library/Java/Extensions:/Library/Java/Extensions:/Network/Library/Java/Extensions:/System/Library/Java/Extensions:/usr/lib/java:., java.vm.info=mixed mode, sharing, java.vendor=Oracle Corporation, java.vm.version=17.0.10+11-LTS-240, sun.io.unicode.encoding=UnicodeBig, socksNonProxyHosts=local|*.local|169.254/16|*.169.254/16, java.class.version=61.0}
00:46:20.568 [Thread-0] INFO ClassFileTransformer.lambda$logStatistics$14: +++ method call +++
00:46:20.568 [Thread-0] INFO ClassFileTransformer.lambda$logStatistics$14: classes examined: 4880
00:46:20.568 [Thread-0] INFO ClassFileTransformer.lambda$logStatistics$14: classes ignored: 3249
00:46:20.568 [Thread-0] INFO ClassFileTransformer.lambda$logStatistics$14: methods examined: 35123
00:46:20.568 [Thread-0] INFO ClassFileTransformer.lambda$logStatistics$14: methods instrumented: 5
00:46:20.569 [Thread-0] INFO ClassFileTransformer.lambda$logStatistics$14: === method call ===
00:46:20.569 [Thread-0] INFO ClassFileTransformer.lambda$logStatistics$14: +++ system hook +++
00:46:20.569 [Thread-0] INFO ClassFileTransformer.lambda$logStatistics$14: classes examined: 3881
00:46:20.569 [Thread-0] INFO ClassFileTransformer.lambda$logStatistics$14: classes ignored: 3139
00:46:20.569 [Thread-0] INFO ClassFileTransformer.lambda$logStatistics$14: methods examined: 34046
00:46:20.569 [Thread-0] INFO ClassFileTransformer.lambda$logStatistics$14: methods instrumented: 6
00:46:20.569 [Thread-0] INFO ClassFileTransformer.lambda$logStatistics$14: === system hook ===
00:46:20.569 [Thread-0] INFO ClassFileTransformer.lambda$logStatistics$14: +++ proxy hooks +++
00:46:20.569 [Thread-0] INFO ClassFileTransformer.lambda$logStatistics$14: classes examined: 0
00:46:20.569 [Thread-0] INFO ClassFileTransformer.lambda$logStatistics$14: classes ignored: 0
00:46:20.569 [Thread-0] INFO ClassFileTransformer.lambda$logStatistics$14: methods examined: 0
00:46:20.569 [Thread-0] INFO ClassFileTransformer.lambda$logStatistics$14: methods instrumented: 0
00:46:20.570 [Thread-0] INFO ClassFileTransformer.lambda$logStatistics$14: === proxy hooks ===
